min:+s_Por+s_Gas+s_Warsaw+s_Liv+s_Nap+s_Kiel+s_Lon+s_Edi+s_Rumania+s_Vie+s_Pic+s_Wal+s_Greece+s_Apu+s_Finland+s_Syria+s_Bohemia+s_Hol+s_Sevastopol+s_Ber+s_Bur+s_North_Africa+s_Bel+s_Pie+s_Bre+s_Munich+s_St_Petersburg+s_Tyrolia+s_Prussia+s_Ukraine+s_Serbia+s_Spain+s_Ruhr+s_Mar+s_Trieste+s_Moscow+s_Tunis+s_Con+s_Budapest+s_Bulgaria+s_Armenia+s_Norway+s_Smyrna+s_Livonia+s_Galicia+s_Ankara+s_Par+s_Silesia+s_Alb+s_Yor+s_Ven+s_Tus+s_Den+s_Sweden+s_Cly+s_Rome;
a_Por + s_Por = 1;
a_Gas + s_Gas = 1;
a_Warsaw + s_Warsaw = 1;
a_Liv + s_Liv = 1;
a_Nap + s_Nap = 1;
a_Kiel + s_Kiel = 1;
a_Lon + s_Lon = 1;
a_Edi + s_Edi = 1;
a_Rumania + s_Rumania = 1;
a_Vie + s_Vie = 1;
a_Pic + s_Pic = 1;
a_Wal + s_Wal = 1;
a_Greece + s_Greece = 1;
a_Apu + s_Apu = 1;
a_Finland + s_Finland = 1;
a_Syria + s_Syria = 1;
a_Bohemia + s_Bohemia = 1;
a_Hol + s_Hol = 1;
a_Sevastopol + s_Sevastopol = 1;
a_Ber + s_Ber = 1;
a_Bur + s_Bur = 1;
a_North_Africa + s_North_Africa = 1;
a_Bel + s_Bel = 1;
a_Pie + s_Pie = 1;
a_Bre + s_Bre = 1;
a_Munich + s_Munich = 1;
a_St_Petersburg + s_St_Petersburg = 1;
a_Tyrolia + s_Tyrolia = 1;
a_Prussia + s_Prussia = 1;
a_Ukraine + s_Ukraine = 1;
a_Serbia + s_Serbia = 1;
a_Spain + s_Spain = 1;
a_Ruhr + s_Ruhr = 1;
a_Mar + s_Mar = 1;
a_Trieste + s_Trieste = 1;
a_Moscow + s_Moscow = 1;
a_Tunis + s_Tunis = 1;
a_Con + s_Con = 1;
a_Budapest + s_Budapest = 1;
a_Bulgaria + s_Bulgaria = 1;
a_Armenia + s_Armenia = 1;
a_Norway + s_Norway = 1;
a_Smyrna + s_Smyrna = 1;
a_Livonia + s_Livonia = 1;
a_Galicia + s_Galicia = 1;
a_Ankara + s_Ankara = 1;
a_Par + s_Par = 1;
a_Silesia + s_Silesia = 1;
a_Alb + s_Alb = 1;
a_Yor + s_Yor = 1;
a_Ven + s_Ven = 1;
a_Tus + s_Tus = 1;
a_Den + s_Den = 1;
a_Sweden + s_Sweden = 1;
a_Cly + s_Cly = 1;
a_Rome + s_Rome = 1;
+d_Por_Spain+d_Por_Por-s_Por=0;
+d_Gas_Bre+d_Gas_Spain+d_Gas_Bur+d_Gas_Par+d_Gas_Mar+d_Gas_Gas-s_Gas=0;
+d_Warsaw_Silesia+d_Warsaw_Ukraine+d_Warsaw_Prussia+d_Warsaw_Moscow+d_Warsaw_Livonia+d_Warsaw_Galicia+d_Warsaw_Warsaw-s_Warsaw=0;
+d_Liv_Yor+d_Liv_Edi+d_Liv_Wal+d_Liv_Cly+d_Liv_Liv-s_Liv=0;
+d_Nap_Rome+d_Nap_Apu+d_Nap_Nap-s_Nap=0;
+d_Kiel_Ber+d_Kiel_Ruhr+d_Kiel_Munich+d_Kiel_Hol+d_Kiel_Den+d_Kiel_Kiel-s_Kiel=0;
+d_Lon_Wal+d_Lon_Yor+d_Lon_Lon-s_Lon=0;
+d_Edi_Liv+d_Edi_Yor+d_Edi_Cly+d_Edi_Edi-s_Edi=0;
+d_Rumania_Galicia+d_Rumania_Budapest+d_Rumania_Bulgaria+d_Rumania_Ukraine+d_Rumania_Sevastopol+d_Rumania_Serbia+d_Rumania_Rumania-s_Rumania=0;
+d_Vie_Trieste+d_Vie_Bohemia+d_Vie_Galicia+d_Vie_Tyrolia+d_Vie_Budapest+d_Vie_Vie-s_Vie=0;
+d_Pic_Par+d_Pic_Bel+d_Pic_Bur+d_Pic_Bre+d_Pic_Pic-s_Pic=0;
+d_Wal_Lon+d_Wal_Liv+d_Wal_Yor+d_Wal_Wal-s_Wal=0;
+d_Greece_Alb+d_Greece_Serbia+d_Greece_Bulgaria+d_Greece_Greece-s_Greece=0;
+d_Apu_Ven+d_Apu_Nap+d_Apu_Rome+d_Apu_Apu-s_Apu=0;
+d_Finland_St_Petersburg+d_Finland_Sweden+d_Finland_Norway+d_Finland_Finland-s_Finland=0;
+d_Syria_Armenia+d_Syria_Smyrna+d_Syria_Syria-s_Syria=0;
+d_Bohemia_Munich+d_Bohemia_Vie+d_Bohemia_Galicia+d_Bohemia_Silesia+d_Bohemia_Tyrolia+d_Bohemia_Bohemia-s_Bohemia=0;
+d_Hol_Bel+d_Hol_Ruhr+d_Hol_Kiel+d_Hol_Hol-s_Hol=0;
+d_Sevastopol_Rumania+d_Sevastopol_Moscow+d_Sevastopol_Ukraine+d_Sevastopol_Armenia+d_Sevastopol_Sevastopol-s_Sevastopol=0;
+d_Ber_Kiel+d_Ber_Prussia+d_Ber_Munich+d_Ber_Silesia+d_Ber_Ber-s_Ber=0;
+d_Bur_Bel+d_Bur_Gas+d_Bur_Ruhr+d_Bur_Par+d_Bur_Pic+d_Bur_Munich+d_Bur_Mar+d_Bur_Bur-s_Bur=0;
+d_North_Africa_Tunis+d_North_Africa_North_Africa-s_North_Africa=0;
+d_Bel_Bur+d_Bel_Pic+d_Bel_Hol+d_Bel_Ruhr+d_Bel_Bel-s_Bel=0;
+d_Pie_Ven+d_Pie_Tus+d_Pie_Mar+d_Pie_Tyrolia+d_Pie_Pie-s_Pie=0;
+d_Bre_Gas+d_Bre_Par+d_Bre_Pic+d_Bre_Bre-s_Bre=0;
+d_Munich_Bohemia+d_Munich_Silesia+d_Munich_Ber+d_Munich_Kiel+d_Munich_Tyrolia+d_Munich_Bur+d_Munich_Ruhr+d_Munich_Munich-s_Munich=0;
+d_St_Petersburg_Finland+d_St_Petersburg_Livonia+d_St_Petersburg_Norway+d_St_Petersburg_Moscow+d_St_Petersburg_St_Petersburg-s_St_Petersburg=0;
+d_Tyrolia_Munich+d_Tyrolia_Ven+d_Tyrolia_Trieste+d_Tyrolia_Bohemia+d_Tyrolia_Pie+d_Tyrolia_Vie+d_Tyrolia_Tyrolia-s_Tyrolia=0;
+d_Prussia_Ber+d_Prussia_Warsaw+d_Prussia_Livonia+d_Prussia_Silesia+d_Prussia_Prussia-s_Prussia=0;
+d_Ukraine_Moscow+d_Ukraine_Warsaw+d_Ukraine_Rumania+d_Ukraine_Galicia+d_Ukraine_Sevastopol+d_Ukraine_Ukraine-s_Ukraine=0;
+d_Serbia_Greece+d_Serbia_Alb+d_Serbia_Bulgaria+d_Serbia_Trieste+d_Serbia_Budapest+d_Serbia_Rumania+d_Serbia_Serbia-s_Serbia=0;
+d_Spain_Mar+d_Spain_Gas+d_Spain_Por+d_Spain_Spain-s_Spain=0;
+d_Ruhr_Bur+d_Ruhr_Kiel+d_Ruhr_Bel+d_Ruhr_Hol+d_Ruhr_Munich+d_Ruhr_Ruhr-s_Ruhr=0;
+d_Mar_Spain+d_Mar_Gas+d_Mar_Pie+d_Mar_Bur+d_Mar_Mar-s_Mar=0;
+d_Trieste_Vie+d_Trieste_Budapest+d_Trieste_Serbia+d_Trieste_Tyrolia+d_Trieste_Ven+d_Trieste_Alb+d_Trieste_Trieste-s_Trieste=0;
+d_Moscow_Ukraine+d_Moscow_Warsaw+d_Moscow_Livonia+d_Moscow_Sevastopol+d_Moscow_St_Petersburg+d_Moscow_Moscow-s_Moscow=0;
+d_Tunis_North_Africa+d_Tunis_Tunis-s_Tunis=0;
+d_Con_Bulgaria+d_Con_Ankara+d_Con_Smyrna+d_Con_Con-s_Con=0;
+d_Budapest_Galicia+d_Budapest_Trieste+d_Budapest_Rumania+d_Budapest_Serbia+d_Budapest_Vie+d_Budapest_Budapest-s_Budapest=0;
+d_Bulgaria_Con+d_Bulgaria_Serbia+d_Bulgaria_Rumania+d_Bulgaria_Greece+d_Bulgaria_Bulgaria-s_Bulgaria=0;
+d_Armenia_Ankara+d_Armenia_Smyrna+d_Armenia_Syria+d_Armenia_Sevastopol+d_Armenia_Armenia-s_Armenia=0;
+d_Norway_St_Petersburg+d_Norway_Sweden+d_Norway_Finland+d_Norway_Norway-s_Norway=0;
+d_Smyrna_Armenia+d_Smyrna_Con+d_Smyrna_Ankara+d_Smyrna_Syria+d_Smyrna_Smyrna-s_Smyrna=0;
+d_Livonia_St_Petersburg+d_Livonia_Prussia+d_Livonia_Moscow+d_Livonia_Warsaw+d_Livonia_Livonia-s_Livonia=0;
+d_Galicia_Silesia+d_Galicia_Rumania+d_Galicia_Budapest+d_Galicia_Vie+d_Galicia_Bohemia+d_Galicia_Warsaw+d_Galicia_Ukraine+d_Galicia_Galicia-s_Galicia=0;
+d_Ankara_Armenia+d_Ankara_Con+d_Ankara_Smyrna+d_Ankara_Ankara-s_Ankara=0;
+d_Par_Pic+d_Par_Bre+d_Par_Gas+d_Par_Bur+d_Par_Par-s_Par=0;
+d_Silesia_Galicia+d_Silesia_Munich+d_Silesia_Warsaw+d_Silesia_Bohemia+d_Silesia_Prussia+d_Silesia_Ber+d_Silesia_Silesia-s_Silesia=0;
+d_Alb_Greece+d_Alb_Serbia+d_Alb_Trieste+d_Alb_Alb-s_Alb=0;
+d_Yor_Liv+d_Yor_Edi+d_Yor_Lon+d_Yor_Wal+d_Yor_Yor-s_Yor=0;
+d_Ven_Apu+d_Ven_Pie+d_Ven_Tus+d_Ven_Tyrolia+d_Ven_Rome+d_Ven_Trieste+d_Ven_Ven-s_Ven=0;
+d_Tus_Pie+d_Tus_Rome+d_Tus_Ven+d_Tus_Tus-s_Tus=0;
+d_Den_Sweden+d_Den_Kiel+d_Den_Den-s_Den=0;
+d_Sweden_Den+d_Sweden_Finland+d_Sweden_Norway+d_Sweden_Sweden-s_Sweden=0;
+d_Cly_Edi+d_Cly_Liv+d_Cly_Cly-s_Cly=0;
+d_Rome_Tus+d_Rome_Nap+d_Rome_Ven+d_Rome_Apu+d_Rome_Rome-s_Rome=0;
+s_Sevastopol+s_Moscow= 2;
+56*a_Por+d_Spain_Por - a_Spain>= 0;
+56*a_Gas+d_Bre_Gas - a_Bre+d_Spain_Gas - a_Spain+d_Bur_Gas - a_Bur+d_Par_Gas - a_Par+d_Mar_Gas - a_Mar>= 0;
+56*a_Warsaw+d_Silesia_Warsaw - a_Silesia+d_Ukraine_Warsaw - a_Ukraine+d_Prussia_Warsaw - a_Prussia+d_Moscow_Warsaw - a_Moscow+d_Livonia_Warsaw - a_Livonia+d_Galicia_Warsaw - a_Galicia>= 0;
+56*a_Liv+d_Yor_Liv - a_Yor+d_Edi_Liv - a_Edi+d_Wal_Liv - a_Wal+d_Cly_Liv - a_Cly>= 0;
+56*a_Nap+d_Rome_Nap - a_Rome+d_Apu_Nap - a_Apu>= 0;
+56*a_Kiel+d_Ber_Kiel - a_Ber+d_Ruhr_Kiel - a_Ruhr+d_Munich_Kiel - a_Munich+d_Hol_Kiel - a_Hol+d_Den_Kiel - a_Den>= 0;
+56*a_Lon+d_Wal_Lon - a_Wal+d_Yor_Lon - a_Yor>= 0;
+56*a_Edi+d_Liv_Edi - a_Liv+d_Yor_Edi - a_Yor+d_Cly_Edi - a_Cly>= 0;
+56*a_Rumania+d_Galicia_Rumania - a_Galicia+d_Budapest_Rumania - a_Budapest+d_Bulgaria_Rumania - a_Bulgaria+d_Ukraine_Rumania - a_Ukraine+d_Sevastopol_Rumania - a_Sevastopol+d_Serbia_Rumania - a_Serbia>= 0;
+56*a_Vie+d_Trieste_Vie - a_Trieste+d_Bohemia_Vie - a_Bohemia+d_Galicia_Vie - a_Galicia+d_Tyrolia_Vie - a_Tyrolia+d_Budapest_Vie - a_Budapest>= 0;
+56*a_Pic+d_Par_Pic - a_Par+d_Bel_Pic - a_Bel+d_Bur_Pic - a_Bur+d_Bre_Pic - a_Bre>= 0;
+56*a_Wal+d_Lon_Wal - a_Lon+d_Liv_Wal - a_Liv+d_Yor_Wal - a_Yor>= 0;
+56*a_Greece+d_Alb_Greece - a_Alb+d_Serbia_Greece - a_Serbia+d_Bulgaria_Greece - a_Bulgaria>= 0;
+56*a_Apu+d_Ven_Apu - a_Ven+d_Nap_Apu - a_Nap+d_Rome_Apu - a_Rome>= 0;
+56*a_Finland+d_St_Petersburg_Finland - a_St_Petersburg+d_Sweden_Finland - a_Sweden+d_Norway_Finland - a_Norway>= 0;
+56*a_Syria+d_Armenia_Syria - a_Armenia+d_Smyrna_Syria - a_Smyrna>= 0;
+56*a_Bohemia+d_Munich_Bohemia - a_Munich+d_Vie_Bohemia - a_Vie+d_Galicia_Bohemia - a_Galicia+d_Silesia_Bohemia - a_Silesia+d_Tyrolia_Bohemia - a_Tyrolia>= 0;
+56*a_Hol+d_Bel_Hol - a_Bel+d_Ruhr_Hol - a_Ruhr+d_Kiel_Hol - a_Kiel>= 0;
+56*a_Sevastopol+d_Rumania_Sevastopol - a_Rumania+d_Moscow_Sevastopol - a_Moscow+d_Ukraine_Sevastopol - a_Ukraine+d_Armenia_Sevastopol - a_Armenia>= 0;
+56*a_Ber+d_Kiel_Ber - a_Kiel+d_Prussia_Ber - a_Prussia+d_Munich_Ber - a_Munich+d_Silesia_Ber - a_Silesia>= 0;
+56*a_Bur+d_Bel_Bur - a_Bel+d_Gas_Bur - a_Gas+d_Ruhr_Bur - a_Ruhr+d_Par_Bur - a_Par+d_Pic_Bur - a_Pic+d_Munich_Bur - a_Munich+d_Mar_Bur - a_Mar>= 0;
+56*a_North_Africa+d_Tunis_North_Africa - a_Tunis>= 0;
+56*a_Bel+d_Bur_Bel - a_Bur+d_Pic_Bel - a_Pic+d_Hol_Bel - a_Hol+d_Ruhr_Bel - a_Ruhr>= 0;
+56*a_Pie+d_Ven_Pie - a_Ven+d_Tus_Pie - a_Tus+d_Mar_Pie - a_Mar+d_Tyrolia_Pie - a_Tyrolia>= 0;
+56*a_Bre+d_Gas_Bre - a_Gas+d_Par_Bre - a_Par+d_Pic_Bre - a_Pic>= 0;
+56*a_Munich+d_Bohemia_Munich - a_Bohemia+d_Silesia_Munich - a_Silesia+d_Ber_Munich - a_Ber+d_Kiel_Munich - a_Kiel+d_Tyrolia_Munich - a_Tyrolia+d_Bur_Munich - a_Bur+d_Ruhr_Munich - a_Ruhr>= 0;
+56*a_St_Petersburg+d_Finland_St_Petersburg - a_Finland+d_Livonia_St_Petersburg - a_Livonia+d_Norway_St_Petersburg - a_Norway+d_Moscow_St_Petersburg - a_Moscow>= 0;
+56*a_Tyrolia+d_Munich_Tyrolia - a_Munich+d_Ven_Tyrolia - a_Ven+d_Trieste_Tyrolia - a_Trieste+d_Bohemia_Tyrolia - a_Bohemia+d_Pie_Tyrolia - a_Pie+d_Vie_Tyrolia - a_Vie>= 0;
+56*a_Prussia+d_Ber_Prussia - a_Ber+d_Warsaw_Prussia - a_Warsaw+d_Livonia_Prussia - a_Livonia+d_Silesia_Prussia - a_Silesia>= 0;
+56*a_Ukraine+d_Moscow_Ukraine - a_Moscow+d_Warsaw_Ukraine - a_Warsaw+d_Rumania_Ukraine - a_Rumania+d_Galicia_Ukraine - a_Galicia+d_Sevastopol_Ukraine - a_Sevastopol>= 0;
+56*a_Serbia+d_Greece_Serbia - a_Greece+d_Alb_Serbia - a_Alb+d_Bulgaria_Serbia - a_Bulgaria+d_Trieste_Serbia - a_Trieste+d_Budapest_Serbia - a_Budapest+d_Rumania_Serbia - a_Rumania>= 0;
+56*a_Spain+d_Mar_Spain - a_Mar+d_Gas_Spain - a_Gas+d_Por_Spain - a_Por>= 0;
+56*a_Ruhr+d_Bur_Ruhr - a_Bur+d_Kiel_Ruhr - a_Kiel+d_Bel_Ruhr - a_Bel+d_Hol_Ruhr - a_Hol+d_Munich_Ruhr - a_Munich>= 0;
+56*a_Mar+d_Spain_Mar - a_Spain+d_Gas_Mar - a_Gas+d_Pie_Mar - a_Pie+d_Bur_Mar - a_Bur>= 0;
+56*a_Trieste+d_Vie_Trieste - a_Vie+d_Budapest_Trieste - a_Budapest+d_Serbia_Trieste - a_Serbia+d_Tyrolia_Trieste - a_Tyrolia+d_Ven_Trieste - a_Ven+d_Alb_Trieste - a_Alb>= 0;
+56*a_Moscow+d_Ukraine_Moscow - a_Ukraine+d_Warsaw_Moscow - a_Warsaw+d_Livonia_Moscow - a_Livonia+d_Sevastopol_Moscow - a_Sevastopol+d_St_Petersburg_Moscow - a_St_Petersburg>= 0;
+56*a_Tunis+d_North_Africa_Tunis - a_North_Africa>= 0;
+56*a_Con+d_Bulgaria_Con - a_Bulgaria+d_Ankara_Con - a_Ankara+d_Smyrna_Con - a_Smyrna>= 0;
+56*a_Budapest+d_Galicia_Budapest - a_Galicia+d_Trieste_Budapest - a_Trieste+d_Rumania_Budapest - a_Rumania+d_Serbia_Budapest - a_Serbia+d_Vie_Budapest - a_Vie>= 0;
+56*a_Bulgaria+d_Con_Bulgaria - a_Con+d_Serbia_Bulgaria - a_Serbia+d_Rumania_Bulgaria - a_Rumania+d_Greece_Bulgaria - a_Greece>= 0;
+56*a_Armenia+d_Ankara_Armenia - a_Ankara+d_Smyrna_Armenia - a_Smyrna+d_Syria_Armenia - a_Syria+d_Sevastopol_Armenia - a_Sevastopol>= 0;
+56*a_Norway+d_St_Petersburg_Norway - a_St_Petersburg+d_Sweden_Norway - a_Sweden+d_Finland_Norway - a_Finland>= 0;
+56*a_Smyrna+d_Armenia_Smyrna - a_Armenia+d_Con_Smyrna - a_Con+d_Ankara_Smyrna - a_Ankara+d_Syria_Smyrna - a_Syria>= 0;
+56*a_Livonia+d_St_Petersburg_Livonia - a_St_Petersburg+d_Prussia_Livonia - a_Prussia+d_Moscow_Livonia - a_Moscow+d_Warsaw_Livonia - a_Warsaw>= 0;
+56*a_Galicia+d_Silesia_Galicia - a_Silesia+d_Rumania_Galicia - a_Rumania+d_Budapest_Galicia - a_Budapest+d_Vie_Galicia - a_Vie+d_Bohemia_Galicia - a_Bohemia+d_Warsaw_Galicia - a_Warsaw+d_Ukraine_Galicia - a_Ukraine>= 0;
+56*a_Ankara+d_Armenia_Ankara - a_Armenia+d_Con_Ankara - a_Con+d_Smyrna_Ankara - a_Smyrna>= 0;
+56*a_Par+d_Pic_Par - a_Pic+d_Bre_Par - a_Bre+d_Gas_Par - a_Gas+d_Bur_Par - a_Bur>= 0;
+56*a_Silesia+d_Galicia_Silesia - a_Galicia+d_Munich_Silesia - a_Munich+d_Warsaw_Silesia - a_Warsaw+d_Bohemia_Silesia - a_Bohemia+d_Prussia_Silesia - a_Prussia+d_Ber_Silesia - a_Ber>= 0;
+56*a_Alb+d_Greece_Alb - a_Greece+d_Serbia_Alb - a_Serbia+d_Trieste_Alb - a_Trieste>= 0;
+56*a_Yor+d_Liv_Yor - a_Liv+d_Edi_Yor - a_Edi+d_Lon_Yor - a_Lon+d_Wal_Yor - a_Wal>= 0;
+56*a_Ven+d_Apu_Ven - a_Apu+d_Pie_Ven - a_Pie+d_Tus_Ven - a_Tus+d_Tyrolia_Ven - a_Tyrolia+d_Rome_Ven - a_Rome+d_Trieste_Ven - a_Trieste>= 0;
+56*a_Tus+d_Pie_Tus - a_Pie+d_Rome_Tus - a_Rome+d_Ven_Tus - a_Ven>= 0;
+56*a_Den+d_Sweden_Den - a_Sweden+d_Kiel_Den - a_Kiel>= 0;
+56*a_Sweden+d_Den_Sweden - a_Den+d_Finland_Sweden - a_Finland+d_Norway_Sweden - a_Norway>= 0;
+56*a_Cly+d_Edi_Cly - a_Edi+d_Liv_Cly - a_Liv>= 0;
+56*a_Rome+d_Tus_Rome - a_Tus+d_Nap_Rome - a_Nap+d_Ven_Rome - a_Ven+d_Apu_Rome - a_Apu>= 0;
bin  s_Por, d_Por_Spain, s_Gas, d_Gas_Bre, d_Gas_Spain, d_Gas_Bur, d_Gas_Par, d_Gas_Mar, s_Warsaw, d_Warsaw_Silesia, d_Warsaw_Ukraine, d_Warsaw_Prussia, d_Warsaw_Moscow, d_Warsaw_Livonia, d_Warsaw_Galicia, s_Liv, d_Liv_Yor, d_Liv_Edi, d_Liv_Wal, d_Liv_Cly, s_Nap, d_Nap_Rome, d_Nap_Apu, s_Kiel, d_Kiel_Ber, d_Kiel_Ruhr, d_Kiel_Munich, d_Kiel_Hol, d_Kiel_Den, s_Lon, d_Lon_Wal, d_Lon_Yor, s_Edi, d_Edi_Liv, d_Edi_Yor, d_Edi_Cly, s_Rumania, d_Rumania_Galicia, d_Rumania_Budapest, d_Rumania_Bulgaria, d_Rumania_Ukraine, d_Rumania_Sevastopol, d_Rumania_Serbia, s_Vie, d_Vie_Trieste, d_Vie_Bohemia, d_Vie_Galicia, d_Vie_Tyrolia, d_Vie_Budapest, s_Pic, d_Pic_Par, d_Pic_Bel, d_Pic_Bur, d_Pic_Bre, s_Wal, d_Wal_Lon, d_Wal_Liv, d_Wal_Yor, s_Greece, d_Greece_Alb, d_Greece_Serbia, d_Greece_Bulgaria, s_Apu, d_Apu_Ven, d_Apu_Nap, d_Apu_Rome, s_Finland, d_Finland_St_Petersburg, d_Finland_Sweden, d_Finland_Norway, s_Syria, d_Syria_Armenia, d_Syria_Smyrna, s_Bohemia, d_Bohemia_Munich, d_Bohemia_Vie, d_Bohemia_Galicia, d_Bohemia_Silesia, d_Bohemia_Tyrolia, s_Hol, d_Hol_Bel, d_Hol_Ruhr, d_Hol_Kiel, s_Sevastopol, d_Sevastopol_Rumania, d_Sevastopol_Moscow, d_Sevastopol_Ukraine, d_Sevastopol_Armenia, s_Ber, d_Ber_Kiel, d_Ber_Prussia, d_Ber_Munich, d_Ber_Silesia, s_Bur, d_Bur_Bel, d_Bur_Gas, d_Bur_Ruhr, d_Bur_Par, d_Bur_Pic, d_Bur_Munich, d_Bur_Mar, s_North_Africa, d_North_Africa_Tunis, s_Bel, d_Bel_Bur, d_Bel_Pic, d_Bel_Hol, d_Bel_Ruhr, s_Pie, d_Pie_Ven, d_Pie_Tus, d_Pie_Mar, d_Pie_Tyrolia, s_Bre, d_Bre_Gas, d_Bre_Par, d_Bre_Pic, s_Munich, d_Munich_Bohemia, d_Munich_Silesia, d_Munich_Ber, d_Munich_Kiel, d_Munich_Tyrolia, d_Munich_Bur, d_Munich_Ruhr, s_St_Petersburg, d_St_Petersburg_Finland, d_St_Petersburg_Livonia, d_St_Petersburg_Norway, d_St_Petersburg_Moscow, s_Tyrolia, d_Tyrolia_Munich, d_Tyrolia_Ven, d_Tyrolia_Trieste, d_Tyrolia_Bohemia, d_Tyrolia_Pie, d_Tyrolia_Vie, s_Prussia, d_Prussia_Ber, d_Prussia_Warsaw, d_Prussia_Livonia, d_Prussia_Silesia, s_Ukraine, d_Ukraine_Moscow, d_Ukraine_Warsaw, d_Ukraine_Rumania, d_Ukraine_Galicia, d_Ukraine_Sevastopol, s_Serbia, d_Serbia_Greece, d_Serbia_Alb, d_Serbia_Bulgaria, d_Serbia_Trieste, d_Serbia_Budapest, d_Serbia_Rumania, s_Spain, d_Spain_Mar, d_Spain_Gas, d_Spain_Por, s_Ruhr, d_Ruhr_Bur, d_Ruhr_Kiel, d_Ruhr_Bel, d_Ruhr_Hol, d_Ruhr_Munich, s_Mar, d_Mar_Spain, d_Mar_Gas, d_Mar_Pie, d_Mar_Bur, s_Trieste, d_Trieste_Vie, d_Trieste_Budapest, d_Trieste_Serbia, d_Trieste_Tyrolia, d_Trieste_Ven, d_Trieste_Alb, s_Moscow, d_Moscow_Ukraine, d_Moscow_Warsaw, d_Moscow_Livonia, d_Moscow_Sevastopol, d_Moscow_St_Petersburg, s_Tunis, d_Tunis_North_Africa, s_Con, d_Con_Bulgaria, d_Con_Ankara, d_Con_Smyrna, s_Budapest, d_Budapest_Galicia, d_Budapest_Trieste, d_Budapest_Rumania, d_Budapest_Serbia, d_Budapest_Vie, s_Bulgaria, d_Bulgaria_Con, d_Bulgaria_Serbia, d_Bulgaria_Rumania, d_Bulgaria_Greece, s_Armenia, d_Armenia_Ankara, d_Armenia_Smyrna, d_Armenia_Syria, d_Armenia_Sevastopol, s_Norway, d_Norway_St_Petersburg, d_Norway_Sweden, d_Norway_Finland, s_Smyrna, d_Smyrna_Armenia, d_Smyrna_Con, d_Smyrna_Ankara, d_Smyrna_Syria, s_Livonia, d_Livonia_St_Petersburg, d_Livonia_Prussia, d_Livonia_Moscow, d_Livonia_Warsaw, s_Galicia, d_Galicia_Silesia, d_Galicia_Rumania, d_Galicia_Budapest, d_Galicia_Vie, d_Galicia_Bohemia, d_Galicia_Warsaw, d_Galicia_Ukraine, s_Ankara, d_Ankara_Armenia, d_Ankara_Con, d_Ankara_Smyrna, s_Par, d_Par_Pic, d_Par_Bre, d_Par_Gas, d_Par_Bur, s_Silesia, d_Silesia_Galicia, d_Silesia_Munich, d_Silesia_Warsaw, d_Silesia_Bohemia, d_Silesia_Prussia, d_Silesia_Ber, s_Alb, d_Alb_Greece, d_Alb_Serbia, d_Alb_Trieste, s_Yor, d_Yor_Liv, d_Yor_Edi, d_Yor_Lon, d_Yor_Wal, s_Ven, d_Ven_Apu, d_Ven_Pie, d_Ven_Tus, d_Ven_Tyrolia, d_Ven_Rome, d_Ven_Trieste, s_Tus, d_Tus_Pie, d_Tus_Rome, d_Tus_Ven, s_Den, d_Den_Sweden, d_Den_Kiel, s_Sweden, d_Sweden_Den, d_Sweden_Finland, d_Sweden_Norway, s_Cly, d_Cly_Edi, d_Cly_Liv, s_Rome, d_Rome_Tus, d_Rome_Nap, d_Rome_Ven, d_Rome_Apu;